<?xml version="1.0" encoding="utf-8"?>
<Articles>
  <Article>
    <ArticleID>1</ArticleID>
    <ArticleName>Article1</ArticleName>
  </Article>
  <Article>
    <ArticleID>2</ArticleID>
    <ArticleName>Article2</ArticleName>
  </Article>
  <Article>
    <ArticleID>3</ArticleID>
    <ArticleName>Article3</ArticleName>
  </Article>
  <Article>
    <ArticleID>4</ArticleID>
    <ArticleName>Article4</ArticleName>
  </Article>
  <Article>
    <ArticleID>5</ArticleID>
    <ArticleName>Article5</ArticleName>
  </Article>
  <Article>
    <ArticleID>6</ArticleID>
    <ArticleName>Article6</ArticleName>
  </Article>
</Articles>