<?xml version="1.0" encoding="utf-8"?>
<Categories>
  <Category>Category1</Category>
  <Category>Category2</Category>
  <Category>Category3</Category>
  <Category>Category4</Category>
  <Category>Category5</Category>
  <Category>Category6</Category>
  <Category>Category7</Category>
  <Category>Category8</Category>
</Categories>