<?xml version="1.0" encoding="utf-8"?>
<Items>
  <Item>
    <ItemID>1</ItemID>
    <ItemName>Item1</ItemName>
  </Item>
  <Item>
    <ItemID>2</ItemID>
    <ItemName>Item2</ItemName>
  </Item>
  <Item>
    <ItemID>3</ItemID>
    <ItemName>Item3</ItemName>
  </Item>
  <Item>
    <ItemID>4</ItemID>
    <ItemName>Item4</ItemName>
  </Item>
  <Item>
    <ItemID>5</ItemID>
    <ItemName>Item5</ItemName>
  </Item>
  <Item>
    <ItemID>6</ItemID>
    <ItemName>Item6</ItemName>
  </Item>
</Items>