<?xml version="1.0" encoding="utf-8"?>
<Items>
  <Item>
    <ItemId>1</ItemId>
    <ItemName>Item15</ItemName>
    <ItemCategory>-</ItemCategory>
  </Item>
</Items>