<?xml version="1.0" encoding="utf-8"?>
<ShoppingLists>
  <ShoppingList>
    <ShoppingListID>1</ShoppingListID>
    <ShoppingListName>ShoppingList1</ShoppingListName>
    <ShoppingListDueDate>1981-04-13</ShoppingListDueDate>
    <ShoppingListLine>
      <ItemID>1</ItemID>
      <ItemName>Item1</ItemName>
      <ItemQuantity>1</ItemQuantity>
    </ShoppingListLine>
    <ShoppingListLine>
      <ItemID>2</ItemID>
      <ItemName>Item2</ItemName>
      <ItemQuantity>1</ItemQuantity>
    </ShoppingListLine>
    <ShoppingListLine>
      <ItemID>3</ItemID>
      <ItemName>Item3</ItemName>
      <ItemQuantity>2</ItemQuantity>
    </ShoppingListLine>
  </ShoppingList>
  <ShoppingList>
    <ShoppingListID>2</ShoppingListID>
    <ShoppingListName>ShoppingList2</ShoppingListName>
    <ShoppingListDueDate>1981-04-13</ShoppingListDueDate>
    <ShoppingListLine>
      <ItemID>1</ItemID>
      <ItemName>Item1</ItemName>
      <ItemQuantity>1</ItemQuantity>
    </ShoppingListLine>
    <ShoppingListLine>
      <ItemID>2</ItemID>
      <ItemName>Item2</ItemName>
      <ItemQuantity>5</ItemQuantity>
    </ShoppingListLine>
    <ShoppingListLine>
      <ItemID>5</ItemID>
      <ItemName>Item5</ItemName>
      <ItemQuantity>3</ItemQuantity>
    </ShoppingListLine>
  </ShoppingList>
  <ShoppingList>
    <ShoppingListID>3</ShoppingListID>
    <ShoppingListName>ShoppingList3</ShoppingListName>
    <ShoppingListDueDate>2014-12-04</ShoppingListDueDate>
    <ShoppingListLine>
      <ItemID>1</ItemID>
      <ItemName>Item1</ItemName>
      <ItemQuantity>1</ItemQuantity>
    </ShoppingListLine>
    <ShoppingListLine>
      <ItemID>2</ItemID>
      <ItemName>Item2</ItemName>
      <ItemQuantity>1</ItemQuantity>
    </ShoppingListLine>
    <ShoppingListLine>
      <ItemID>3</ItemID>
      <ItemName>Item3</ItemName>
      <ItemQuantity>2</ItemQuantity>
    </ShoppingListLine>
  </ShoppingList>
</ShoppingLists>